******************************************************************************
                  TI ARM Linker PC v18.1.4                     
******************************************************************************
>> Linked Thu Apr 18 10:17:56 2019

OUTPUT FILE NAME:   <uartpower_CC3220SF_LAUNCHXL_tirtos_ccs.out>
ENTRY POINT SYMBOL: "_c_int00"  address: 010065c5


MEMORY CONFIGURATION

         name            origin    length      used     unused   attr    fill
----------------------  --------  ---------  --------  --------  ----  --------
  FLASH_HDR             01000000   000007ff  00000000  000007ff  R  X
  FLASH                 01000800   000ff800  000081fd  000f7603  R  X
  SRAM                  20000000   00040000  000098ef  00036711  RW X


SEGMENT ALLOCATION MAP

run origin  load origin   length   init length attrs members
----------  ----------- ---------- ----------- ----- -------
01000800    01000800    00008208   00008208    r-x
  01000800    01000800    0000003c   0000003c    r-- .resetVecs
  01000840    01000840    00007682   00007682    r-x .text
  01007ec4    01007ec4    000008a7   000008a7    r-- .const
  01008770    01008770    00000298   00000298    r-- .cinit
20000310    20000310    00008000   00000000    r--
  20000310    20000310    00008000   00000000    r-- .priheap
20008310    20008310    000011e3   00000000    rw-
  20008310    20008310    00000950   00000000    rw- .bss
  20008c60    20008c60    00000893   00000000    rw- .data
2003fc00    2003fc00    00000400   00000000    rw-
  2003fc00    2003fc00    00000400   00000000    rw- .stack


SECTION ALLOCATION MAP

 output                                  attributes/
section   page    origin      length       input sections
--------  ----  ----------  ----------   ----------------
.text      0    01000840    00007682     
                  01000840    00000a4a     rtsv7M4_T_le_eabi.lib : _printfi.c.obj (.text:__TI_printfi)
                  0100128a    00000002     drivers_cc32xx.aem4 : UARTCC32XX.oem4 (.text:UARTCC32XX_init)
                  0100128c    0000042c     driverlib.a : prcm.obj (.text:PRCMCC3200MCUInit)
                  010016b8    00000278     drivers_cc32xx.aem4 : UARTCC32XX.oem4 (.text:UARTCC32XX_open)
                  01001930    00000268     rtsv7M4_T_le_eabi.lib : _printfi.c.obj (.text:_pconv_a)
                  01001b98    000001cc                           : _printfi.c.obj (.text:_pconv_g)
                  01001d64    000001b6                           : fd_add_t2.asm.obj (.text)
                  01001f1a    00000002                           : _lock.c.obj (.text:_nop)
                  01001f1c    00000158     dpl_cc32xx.aem4 : PowerCC32XX_tirtos.oem4 (.text:PowerCC32XX_sleepPolicy)
                  01002074    0000014c     uartpower.obj (.text:mainThread)
                  010021c0    0000014c     sysbios.aem4 : BIOS.obj (.text:ti_sysbios_knl_Semaphore_pend__E)
                  0100230c    00000148     drivers_cc32xx.aem4 : PowerCC32XX.oem4 (.text:parkPins)
                  01002454    0000013c     rtsv7M4_T_le_eabi.lib : _printfi.c.obj (.text:_pconv_e)
                  01002590    00000136                           : fd_div_t2.asm.obj (.text)
                  010026c6    00000002                           : div0.asm.obj (.text)
                  010026c8    00000120     drivers_cc32xx.aem4 : UARTCC32XX.oem4 (.text:UARTCC32XX_close)
                  010027e8    00000120     rtsv7M4_T_le_eabi.lib : _printfi.c.obj (.text:fcvt)
                  01002908    00000120     sysbios.aem4 : BIOS.obj (.text:ti_sysbios_knl_Task_Instance_finalize__E)
                  01002a28    0000011c                  : BIOS.obj (.text:xdc_runtime_Startup_startMods__I)
                  01002b44    00000118     drivers_cc32xx.aem4 : PowerCC32XX.oem4 (.text:Power_sleep)
                  01002c5c    00000004     dpl_cc32xx.aem4 : ClockP_tirtos.oem4 (.text:ClockP_getCpuFreq)
                  01002c60    00000118     sysbios.aem4 : BIOS.obj (.text:ti_sysbios_knl_Task_postInit__I)
                  01002d78    00000114     rtsv7M4_T_le_eabi.lib : fputs.c.obj (.text:fputs)
                  01002e8c    000000fc                           : fd_mul_t2.asm.obj (.text)
                  01002f88    000000fc     sysbios.aem4 : BIOS.obj (.text:ti_sysbios_knl_Task_Instance_init__E)
                  01003084    00000004     dpl_cc32xx.aem4 : ClockP_tirtos.oem4 (.text:ClockP_setTimeout)
                  01003088    000000f4     sysbios.aem4 : BIOS.obj (.text:pthread_create)
                  0100317c    000000f2     drivers_cc32xx.aem4 : UARTCC32XX.oem4 (.text:UARTCC32XX_control)
                  0100326e    00000002     release_pem4.oem4 (.text:ti_sysbios_BIOS_nullFunc__I)
                  01003270    000000e0     sysbios.aem4 : BIOS.obj (.text:ti_sysbios_knl_Task_sleep__E)
                  01003350    000000dc     rtsv7M4_T_le_eabi.lib : setvbuf.c.obj (.text:setvbuf)
                  0100342c    000000d0                           : s_scalbn.c.obj (.text:scalbn)
                  010034fc    000000d0     sysbios.aem4 : m3_Hwi_asm.obj (.text:ti_sysbios_family_arm_m3_Hwi_dispatch__I)
                  010035cc    00000004     dpl_cc32xx.aem4 : ClockP_tirtos.oem4 (.text:ClockP_start)
                  010035d0    000000d0     sysbios.aem4 : BIOS.obj (.text:ti_sysbios_heaps_HeapMem_alloc__E)
                  010036a0    000000c2     drivers_cc32xx.aem4 : UARTCC32XX.oem4 (.text:UARTCC32XX_write)
                  01003762    00000006     driverlib.a : utils.obj (.text:UtilsDelay)
                  01003768    000000bc     sysbios.aem4 : BIOS.obj (.text:xdc_runtime_Core_createObject__I)
                  01003824    000000ba     drivers_cc32xx.aem4 : UARTCC32XX.oem4 (.text:UARTCC32XX_readPolling)
                  010038de    00000002     release_pem4.oem4 (.text:xdc_runtime_Startup_reset__I)
                  010038e0    000000b8     drivers_cc32xx.aem4 : UARTCC32XX.oem4 (.text:initHw)
                  01003998    000000b6                         : UARTCC32XX.oem4 (.text:readTaskCallback)
                  01003a4e    00000002     --HOLE-- [fill = 0]
                  01003a50    000000b1     rtsv7M4_T_le_eabi.lib : _printfi.c.obj (.text:_ltostr)
                  01003b01    00000001     --HOLE-- [fill = 0]
                  01003b02    000000ae     drivers_cc32xx.aem4 : UARTCC32XX.oem4 (.text:readIsrTextBlocking)
                  01003bb0    000000ac                         : PowerCC32XX.oem4 (.text:restoreParkedPins)
                  01003c5c    000000a8                         : PowerCC32XX.oem4 (.text:PowerCC32XX_configureWakeup)
                  01003d04    000000a8                         : UARTCC32XX.oem4 (.text:readTaskBlocking)
                  01003dac    00000004     dpl_cc32xx.aem4 : ClockP_tirtos.oem4 (.text:ClockP_stop)
                  01003db0    000000a4     sysbios.aem4 : BIOS.obj (.text:ti_sysbios_knl_Task_setPri__E)
                  01003e54    000000a2     drivers_cc32xx.aem4 : UARTCC32XX.oem4 (.text:readIsrTextCallback)
                  01003ef6    000000a2                         : UARTCC32XX.oem4 (.text:writeData)
                  01003f98    000000a0     auto_init.aem4 : auto_init.oem4 (.text)
                  01004038    0000009c     sysbios.aem4 : BIOS.obj (.text:_pthread_removeThreadKeys)
                  010040d4    0000009c     rtsv7M4_T_le_eabi.lib : memcpy_t2.asm.obj (.text)
                  01004170    00000098     sysbios.aem4 : BIOS.obj (.text:ti_sysbios_family_arm_m3_Hwi_Instance_init__E)
                  01004208    00000096     rtsv7M4_T_le_eabi.lib : ull_div_t2.asm.obj (.text)
                  0100429e    00000002     --HOLE-- [fill = 0]
                  010042a0    00000094     sysbios.aem4 : BIOS.obj (.text:ti_sysbios_knl_Task_exit__E)
                  01004334    00000090     drivers_cc32xx.aem4 : PowerCC32XX.oem4 (.text:restoreNVICRegs)
                  010043c4    00000004     dpl_cc32xx.aem4 : HwiP_tirtos.oem4 (.text:HwiP_disable)
                  010043c8    00000090     sysbios.aem4 : BIOS.obj (.text:ti_sysbios_knl_Task_Module_startup__E)
                  01004458    0000008c     rtsv7M4_T_le_eabi.lib : fputc.c.obj (.text:fputc)
                  010044e4    00000004     dpl_cc32xx.aem4 : SemaphoreP_tirtos.oem4 (.text:SemaphoreP_post)
                  010044e8    0000008c     sysbios.aem4 : BIOS.obj (.text:xdc_runtime_Memory_alloc__E)
                  01004574    00000088     driverlib.a : pin.obj (.text:PinConfigSet)
                  010045fc    00000004     rtsv7M4_T_le_eabi.lib : printf.c.obj (.text:_outc)
                  01004600    00000088     sysbios.aem4 : BIOS.obj (.text:ti_sysbios_family_arm_m3_Hwi_initNVIC__E)
                  01004688    00000088                  : BIOS.obj (.text:ti_sysbios_family_arm_m3_TaskSupport_start__E)
                  01004710    00000088                  : BIOS.obj (.text:ti_sysbios_knl_Mailbox_Module_startup__E)
                  01004798    00000086     rtsv7M4_T_le_eabi.lib : fd_cmp_t2.asm.obj (.text:__aeabi_cdcmple)
                  0100481e    00000086                           : fd_cmp_t2.asm.obj (.text:__aeabi_cdrcmple)
                  010048a4    00000004                           : printf.c.obj (.text:_outs)
                  010048a8    00000086     sysbios.aem4 : BIOS.obj (.text:xdc_runtime_Core_constructObject__I)
                  0100492e    00000002     --HOLE-- [fill = 0]
                  01004930    00000084     drivers_cc32xx.aem4 : PowerCC32XX.oem4 (.text:Power_init)
                  010049b4    00000084                         : PowerCC32XX.oem4 (.text:saveNVICRegs)
                  01004a38    00000084     sysbios.aem4 : BIOS.obj (.text:ti_sysbios_family_arm_m3_Hwi_postInit__I)
                  01004abc    00000004     release_pem4.oem4 (.text:ti_sysbios_BIOS_RtsGateProxy_enter__E)
                  01004ac0    00000084     sysbios.aem4 : BIOS.obj (.text:ti_sysbios_heaps_HeapMem_free__E)
                  01004b44    00000080     drivers_cc32xx.aem4 : PowerCC32XX.oem4 (.text:Power_setDependency)
                  01004bc4    00000004     release_pem4.oem4 (.text:ti_sysbios_BIOS_RtsGateProxy_leave__E)
                  01004bc8    00000080     sysbios.aem4 : BIOS.obj (.text:ti_sysbios_knl_Clock_workFunc__E)
                  01004c48    0000007c     drivers_cc32xx.aem4 : UARTCC32XX.oem4 (.text:readIsrBinaryBlocking)
                  01004cc4    00000004     release_pem4.oem4 (.text:ti_sysbios_family_arm_m3_Hwi_delete)
                  01004cc8    0000007c     sysbios.aem4 : BIOS.obj (.text:xdc_runtime_Core_deleteObject__I)
                  01004d44    0000007a     rtsv7M4_T_le_eabi.lib : memset_t2.asm.obj (.text)
                  01004dbe    00000078     drivers_cc32xx.aem4 : UARTCC32XX.oem4 (.text:readIsrBinaryCallback)
                  01004e36    00000074                         : UARTCC32XX.oem4 (.text:UARTCC32XX_hwiIntFxn)
                  01004eaa    00000002     --HOLE-- [fill = 0]
                  01004eac    00000074     rtsv7M4_T_le_eabi.lib : fclose.c.obj (.text:__TI_closefile)
                  01004f20    00000070     sysbios.aem4 : BIOS.obj (.text:ti_sysbios_heaps_HeapMem_initPrimary__I)
                  01004f90    0000006e     rtsv7M4_T_le_eabi.lib : _printfi.c.obj (.text:_mcpy)
                  01004ffe    00000002     --HOLE-- [fill = 0]
                  01005000    0000006c     sysbios.aem4 : BIOS.obj (.text:ti_sysbios_knl_Swi_restoreHwi__E)
                  0100506c    00000068     rtsv7M4_T_le_eabi.lib : hostlseek.c.obj (.text:HOSTlseek)
                  010050d4    00000068                           : hostrename.c.obj (.text:HOSTrename)
                  0100513c    00000068                           : copy_decompress_lzss.c.obj (.text:decompress:lzss:__TI_decompress_lzss)
                  010051a4    00000068                           : printf.c.obj (.text:printf)
                  0100520c    00000004     release_pem4.oem4 (.text:ti_sysbios_family_arm_m3_TaskSupport_Module__startupDone__S)
                  01005210    00000068     sysbios.aem4 : BIOS.obj (.text:pthread_exit)
                  01005278    00000066     drivers_cc32xx.aem4 : UARTCC32XX.oem4 (.text:UARTCC32XX_writeCancel)
                  010052de    00000002     --HOLE-- [fill = 0]
                  010052e0    00000064                         : PowerCC32XX.oem4 (.text:PowerCC32XX_setParkState)
                  01005344    00000064     rtsv7M4_T_le_eabi.lib : fseek.c.obj (.text:fseek)
                  010053a8    00000064     main_tirtos.obj (.text:main)
                  0100540c    00000004     release_pem4.oem4 (.text:ti_sysbios_heaps_HeapMem_Module_GateProxy_enter__E)
                  01005410    00000064     sysbios.aem4 : BIOS.obj (.text:ti_sysbios_family_arm_m3_Hwi_dispatchC__I)
                  01005474    00000062     drivers_cc32xx.aem4 : UARTCC32XX.oem4 (.text:UARTCC32XX_writePolling)
                  010054d6    00000062     rtsv7M4_T_le_eabi.lib : _io_perm.c.obj (.text:__TI_wrt_ok)
                  01005538    00000060                           : hostopen.c.obj (.text:HOSTopen)
                  01005598    00000060     driverlib.a : prcm.obj (.text:PRCMSysResetCauseGet)
                  010055f8    00000060     sysbios.aem4 : BIOS.obj (.text:ti_sysbios_knl_Semaphore_post__E)
                  01005658    00000060                  : BIOS.obj (.text:ti_sysbios_knl_Swi_run__I)
                  010056b8    0000005c     rtsv7M4_T_le_eabi.lib : close.c.obj (.text:close)
                  01005714    0000005c                           : s_frexp.c.obj (.text:frexp)
                  01005770    0000005c     sysbios.aem4 : BIOS.obj (.text:ti_sysbios_family_arm_m3_Timer_setPeriod__E)
                  010057cc    00000004     release_pem4.oem4 (.text:ti_sysbios_heaps_HeapMem_Module_GateProxy_leave__E)
                  010057d0    0000005c     sysbios.aem4 : BIOS.obj (.text:ti_sysbios_family_arm_m3_Timer_start__E)
                  0100582c    00000004     release_pem4.oem4 (.text:ti_sysbios_knl_Clock_TimerProxy_getMaxTicks__E)
                  01005830    0000005c     sysbios.aem4 : BIOS.obj (.text:ti_sysbios_knl_Clock_Instance_init__E)
                  0100588c    00000004     release_pem4.oem4 (.text:ti_sysbios_knl_Clock_TimerProxy_setPeriodMicroSecs__E)
                  01005890    0000005c     sysbios.aem4 : BIOS.obj (.text:ti_sysbios_knl_Swi_schedule__I)
                  010058ec    00000004     release_pem4.oem4 (.text:ti_sysbios_knl_Clock_TimerProxy_start__E)
                  010058f0    0000005c     sysbios.aem4 : BIOS.obj (.text:ti_sysbios_knl_Task_startCore__E)
                  0100594c    00000004     release_pem4.oem4 (.text:ti_sysbios_knl_Clock_TimerProxy_stop__E)
                  01005950    0000005c     sysbios.aem4 : BIOS.obj (.text:xdc_runtime_Startup_exec__E)
                  010059ac    00000058     rtsv7M4_T_le_eabi.lib : hostread.c.obj (.text:HOSTread)
                  01005a04    00000058                           : hostwrite.c.obj (.text:HOSTwrite)
                  01005a5c    00000058     driverlib.a : prcm.obj (.text:PRCMPeripheralReset)
                  01005ab4    00000058     drivers_cc32xx.aem4 : PowerCC32XX.oem4 (.text:Power_releaseDependency)
                  01005b0c    00000056     rtsv7M4_T_le_eabi.lib : _printfi.c.obj (.text:_pconv_f)
                  01005b62    00000054                           : ltoa.c.obj (.text:ltoa)
                  01005bb6    00000054     drivers_cc32xx.aem4 : UARTCC32XX.oem4 (.text:ringBufGet)
                  01005c0a    00000002     --HOLE-- [fill = 0]
                  01005c0c    00000054     release_pem4.oem4 (.text:ti_sysbios_family_arm_m3_Hwi_create)
                  01005c60    00000054     sysbios.aem4 : BIOS.obj (.text:xdc_runtime_Core_assignLabel__I)
                  01005cb4    00000052     drivers_cc32xx.aem4 : PowerCC32XX_asm.oem4 (.text:PowerCC32XX_resumeLPDS)
                  01005d06    00000052     rtsv7M4_T_le_eabi.lib : _printfi.c.obj (.text:_ecpy)
                  01005d58    00000050     dpl_cc32xx.aem4 : ClockP_tirtos.oem4 (.text:ClockP_create)
                  01005da8    00000050     sysbios.aem4 : BIOS.obj (.text:ti_sysbios_family_arm_m3_Hwi_Module_startup__E)
                  01005df8    00000050     release_pem4.oem4 (.text:ti_sysbios_knl_Task_create)
                  01005e48    0000004c     drivers_cc32xx.aem4 : PowerCC32XX.oem4 (.text:PowerCC32XX_parkPin)
                  01005e94    0000004c     rtsv7M4_T_le_eabi.lib : fflush.c.obj (.text:__TI_doflush)
                  01005ee0    0000004c                           : atoi.c.obj (.text:atoi)
                  01005f2c    0000004c                           : cpy_tbl.c.obj (.text:copy_in)
                  01005f78    0000004c     drivers_cc32xx.aem4 : PowerCC32XX.oem4 (.text:restorePeriphClocks)
                  01005fc4    00000004     release_pem4.oem4 (.text:ti_sysbios_knl_Clock_delete)
                  01005fc8    0000004c     sysbios.aem4 : BIOS.obj (.text:ti_sysbios_family_arm_m3_Timer_setPeriodMicroSecs__E)
                  01006014    00000004     release_pem4.oem4 (.text:ti_sysbios_knl_Semaphore_delete)
                  01006018    0000004c     sysbios.aem4 : BIOS.obj (.text:ti_sysbios_heaps_HeapMem_getStats__E)
                  01006064    00000004     release_pem4.oem4 (.text:ti_sysbios_knl_Task_delete)
                  01006068    0000004c     sysbios.aem4 : BIOS.obj (.text:ti_sysbios_knl_Swi_runLoop__I)
                  010060b4    00000004     release_pem4.oem4 (.text:xdc_runtime_System_Module_GateProxy_enter__E)
                  010060b8    0000004c     sysbios.aem4 : BIOS.obj (.text:ti_sysbios_knl_Task_allBlockedFunction__I)
                  01006104    00000004     release_pem4.oem4 (.text:xdc_runtime_System_Module_GateProxy_leave__E)
                  01006108    0000004c     sysbios.aem4 : BIOS.obj (.text:ti_sysbios_knl_Task_schedule__I)
                  01006154    00000048     driverlib.a : flash.obj (.text:FlashDisable)
                  0100619c    00000048                 : prcm.obj (.text:PRCMLPDSEnter)
                  010061e4    00000048                 : prcm.obj (.text:PRCMPeripheralClkEnable)
                  0100622c    00000048     drivers_cc32xx.aem4 : PowerCC32XX.oem4 (.text:Power_releaseConstraint)
                  01006274    00000048     rtsv7M4_T_le_eabi.lib : fd_toi_t2.asm.obj (.text)
                  010062bc    00000004     --HOLE-- [fill = 0]
                  010062c0    00000048     sysbios.aem4 : BIOS.obj (.text:ti_sysbios_family_arm_m3_Hwi_disableInterrupt__E)
                  01006308    00000048                  : BIOS.obj (.text:ti_sysbios_family_arm_m3_Hwi_enableInterrupt__E)
                  01006350    00000048                  : m3_Hwi_asm_switch.obj (.text:ti_sysbios_family_arm_m3_Hwi_initStacks__E)
                  01006398    00000048                  : BIOS.obj (.text:ti_sysbios_family_arm_m3_Timer_initDevice__I)
                  010063e0    00000048                  : BIOS.obj (.text:xdc_runtime_Core_assignParams__I)
                  01006428    00000046     drivers_cc32xx.aem4 : RingBuf.oem4 (.text:RingBuf_put)
                  0100646e    00000002     --HOLE-- [fill = 0]
                  01006470    00000044     rtsv7M4_T_le_eabi.lib : hostclose.c.obj (.text:HOSTclose)
                  010064b4    00000044                           : hostunlink.c.obj (.text:HOSTunlink)
                  010064f8    00000044     driverlib.a : prcm.obj (.text:PRCMLPDSRestoreInfoSet)
                  0100653c    00000044     drivers_cc32xx.aem4 : PowerCC32XX_asm.oem4 (.text:PowerCC32XX_enterLPDS)
                  01006580    00000044                         : UART.oem4 (.text:UART_init)
                  010065c4    00000044     boot.aem4 : boot.oem4 (.text)
                  01006608    00000044     rtsv7M4_T_le_eabi.lib : getdevice.c.obj (.text:getdevice)
                  0100664c    00000004     --HOLE-- [fill = 0]
                  01006650    00000044     sysbios.aem4 : BIOS.obj (.text:ti_sysbios_family_arm_m3_Hwi_getStackInfo__E)
                  01006694    00000004     --HOLE-- [fill = 0]
                  01006698    00000044                  : BIOS.obj (.text:ti_sysbios_knl_Swi_post__E)
                  010066dc    00000004     --HOLE-- [fill = 0]
                  010066e0    00000044                  : BIOS.obj (.text:xdc_runtime_System_atexit__E)
                  01006724    00000040     dpl_cc32xx.aem4 : HwiP_tirtos.oem4 (.text:HwiP_create)
                  01006764    00000040     driverlib.a : pin.obj (.text:PinModeSet)
                  010067a4    00000040     drivers_cc32xx.aem4 : RingBuf.oem4 (.text:RingBuf_get)
                  010067e4    00000040                         : UARTCC32XX.oem4 (.text:UARTCC32XX_read)
                  01006824    00000004     --HOLE-- [fill = 0]
                  01006828    00000040     sysbios.aem4 : BIOS.obj (.text:ti_sysbios_heaps_HeapMem_Instance_init__E)
                  01006868    0000003e     rtsv7M4_T_le_eabi.lib : _printfi.c.obj (.text:_fcpy)
                  010068a6    00000002     --HOLE-- [fill = 0]
                  010068a8    0000003c     drivers_cc32xx.aem4 : PowerCC32XX.oem4 (.text:Power_setConstraint)
                  010068e4    0000003c     dpl_cc32xx.aem4 : SemaphoreP_tirtos.oem4 (.text:SemaphoreP_create)
                  01006920    0000003c     drivers_cc32xx.aem4 : UART.oem4 (.text:UART_open)
                  0100695c    00000004     --HOLE-- [fill = 0]
                  01006960    0000003c     sysbios.aem4 : BIOS.obj (.text:ti_sysbios_family_arm_m3_Hwi_Instance_finalize__E)
                  0100699c    0000003c     release_pem4.oem4 (.text:ti_sysbios_knl_Clock_create)
                  010069d8    0000003c     sysbios.aem4 : BIOS.obj (.text:ti_sysbios_knl_Clock_walkQueuePeriodic__E)
                  01006a14    00000004     --HOLE-- [fill = 0]
                  01006a18    0000003c                  : BIOS.obj (.text:ti_sysbios_knl_Swi_restore__E)
                  01006a54    00000004     --HOLE-- [fill = 0]
                  01006a58    0000003c                  : BIOS.obj (.text:xdc_runtime_System_processAtExit__E)
                  01006a94    0000003a     dpl_cc32xx.aem4 : PowerCC32XX_tirtos.oem4 (.text:getCountsRTC)
                  01006ace    00000002     --HOLE-- [fill = 0]
                  01006ad0    00000038     driverlib.a : prcm.obj (.text:PRCMLPDSEnterKeepDebugIf)
                  01006b08    00000038     rtsv7M4_T_le_eabi.lib : trgmsg.c.obj (.text:__TI_writemsg)
                  01006b40    00000038     drivers_cc32xx.aem4 : PowerCC32XX.oem4 (.text:notify)
                  01006b78    00000038     sysbios.aem4 : BIOS.obj (.text:ti_sysbios_knl_Task_processVitalTaskFlag__I)
                  01006bb0    00000036     drivers_cc32xx.aem4 : UARTCC32XX.oem4 (.text:UARTCC32XX_readCancel)
                  01006be6    00000036     rtsv7M4_T_le_eabi.lib : strncpy.c.obj (.text:strncpy)
                  01006c1c    00000034     driverlib.a : pin.obj (.text:PinModeGet)
                  01006c50    00000034     drivers_cc32xx.aem4 : PowerCC32XX.oem4 (.text:PowerCC32XX_restoreParkState)
                  01006c84    00000034     rtsv7M4_T_le_eabi.lib : fopen.c.obj (.text:__TI_cleanup)
                  01006cb8    00000034                           : trgmsg.c.obj (.text:__TI_readmsg)
                  01006cec    00000004     --HOLE-- [fill = 0]
                  01006cf0    00000034     sysbios.aem4 : BIOS.obj (.text:_pthread_delete$41)
                  01006d24    00000004     --HOLE-- [fill = 0]
                  01006d28    00000034                  : BIOS.obj (.text:ti_sysbios_family_arm_m3_Timer_Module_startup__E)
                  01006d5c    00000004     --HOLE-- [fill = 0]
                  01006d60    00000034                  : BIOS.obj (.text:ti_sysbios_family_arm_m3_Timer_periodicStub__I)
                  01006d94    00000034     release_pem4.oem4 (.text:ti_sysbios_knl_Semaphore_create)
                  01006dc8    00000032     sysbios.aem4 : BIOS.obj (.text:ti_sysbios_hal_Hwi_initStack)
                  01006dfa    00000030     drivers_cc32xx.aem4 : PowerCC32XX.oem4 (.text:PowerCC32XX_restoreParkedPin)
                  01006e2a    00000002     --HOLE-- [fill = 0]
                  01006e2c    00000030     rtsv7M4_T_le_eabi.lib : getdevice.c.obj (.text:finddevice)
                  01006e5c    00000030     release_pem4.oem4 (.text:ti_sysbios_BIOS_atExitFunc__I)
                  01006e8c    00000030     release_pem4.oem4 (.text:ti_sysbios_BIOS_startFunc__I)
                  01006ebc    00000030     release_pem4.oem4 (.text:ti_sysbios_gates_GateHwi_Object__create__S)
                  01006eec    00000030     release_pem4.oem4 (.text:ti_sysbios_gates_GateMutex_Object__create__S)
                  01006f1c    00000004     --HOLE-- [fill = 0]
                  01006f20    00000030     sysbios.aem4 : BIOS.obj (.text:ti_sysbios_gates_GateMutex_enter__E)
                  01006f50    00000030     release_pem4.oem4 (.text:ti_sysbios_heaps_HeapMem_Object__create__S)
                  01006f80    00000030     release_pem4.oem4 (.text:ti_sysbios_knl_Semaphore_construct)
                  01006fb0    00000030     sysbios.aem4 : BIOS.obj (.text:ti_sysbios_knl_Semaphore_pendTimeout__I)
                  01006fe0    00000030                  : BIOS.obj (.text:ti_sysbios_knl_Task_restore__E)
                  01007010    00000030                  : BIOS.obj (.text:ti_sysbios_knl_Task_unblockI__E)
                  01007040    0000002e     rtsv7M4_T_le_eabi.lib : i_tofd_t2.asm.obj (.text)
                  0100706e    0000002e     release_pem4.oem4 (.text:ti_sysbios_rts_MemAlloc_alloc)
                  0100709c    0000002c     drivers_cc32xx.aem4 : PowerCC32XX.oem4 (.text:PowerCC32XX_getParkState)
                  010070c8    0000002c     sysbios.aem4 : BIOS.obj (.text:_pthread_cleanupFxn)
                  010070f4    0000002c     release_pem4.oem4 (.text:ti_sysbios_knl_Clock_doTick__I)
                  01007120    0000002c     release_pem4.oem4 (.text:ti_sysbios_knl_Queue_construct)
                  0100714c    0000002c     rtsv7M4_T_le_eabi.lib : unlink.c.obj (.text:unlink)
                  01007178    00000028     driverlib.a : prcm.obj (.text:PRCMPeripheralClkDisable)
                  010071a0    00000028     dpl_cc32xx.aem4 : PowerCC32XX_tirtos.oem4 (.text:PowerCC32XX_initPolicy)
                  010071c8    00000028     drivers_cc32xx.aem4 : PowerCC32XX.oem4 (.text:Power_registerNotify)
                  010071f0    00000028     rtsv7M4_T_le_eabi.lib : lseek.c.obj (.text:lseek)
                  01007218    00000028     sysbios.aem4 : BIOS.obj (.text:ti_sysbios_knl_Swi_Module_startup__E)
                  01007240    00000028     rtsv7M4_T_le_eabi.lib : write.c.obj (.text:write)
                  01007268    00000026     drivers_cc32xx.aem4 : List.oem4 (.text:List_put)
                  0100728e    00000026                         : List.oem4 (.text:List_remove)
                  010072b4    00000004     --HOLE-- [fill = 0]
                  010072b8    00000024     sysbios.aem4 : BIOS.obj (.text:pthread_attr_init)
                  010072dc    00000024     release_pem4.oem4 (.text:ti_sysbios_BIOS_registerRTSLock__I)
                  01007300    00000024     release_pem4.oem4 (.text:ti_sysbios_BIOS_removeRTSLock__I)
                  01007324    00000004     --HOLE-- [fill = 0]
                  01007328    00000024     sysbios.aem4 : BIOS.obj (.text:ti_sysbios_family_arm_m3_Timer_startup__E)
                  0100734c    00000024     release_pem4.oem4 (.text:ti_sysbios_gates_GateMutex_Object__delete__S)
                  01007370    00000024     sysbios.aem4 : BIOS.obj (.text:ti_sysbios_knl_Clock_Module_startup__E)
                  01007394    00000024     release_pem4.oem4 (.text:ti_sysbios_knl_Clock_Object__delete__S)
                  010073b8    00000024     sysbios.aem4 : BIOS.obj (.text:ti_sysbios_knl_Clock_start__E)
                  010073dc    00000004     --HOLE-- [fill = 0]
                  010073e0    00000024                  : BIOS.obj (.text:ti_sysbios_knl_Semaphore_Instance_init__E)
                  01007404    00000024     release_pem4.oem4 (.text:ti_sysbios_knl_Semaphore_Object__delete__S)
                  01007428    00000024     sysbios.aem4 : BIOS.obj (.text:ti_sysbios_knl_Task_restoreHwi__E)
                  0100744c    00000004     --HOLE-- [fill = 0]
                  01007450    00000024                  : BIOS.obj (.text:xdc_runtime_Error_policyMin__E)
                  01007474    00000020     drivers_cc32xx.aem4 : PowerCC32XX.oem4 (.text:Power_unregisterNotify)
                  01007494    00000020                         : RingBuf.oem4 (.text:RingBuf_peek)
                  010074b4    00000020                         : UARTCC32XX.oem4 (.text:getPowerMgrId)
                  010074d4    00000020     rtsv7M4_T_le_eabi.lib : memchr.c.obj (.text:memchr)
                  010074f4    00000004     --HOLE-- [fill = 0]
                  010074f8    00000020     sysbios.aem4 : BIOS.obj (.text:sleep)
                  01007518    00000020     release_pem4.oem4 (.text:ti_sysbios_BIOS_rtsLock__I)
                  01007538    00000020     release_pem4.oem4 (.text:ti_sysbios_family_arm_m3_Hwi_Object__delete__S)
                  01007558    00000020     sysbios.aem4 : m3_Hwi_asm.obj (.text:ti_sysbios_family_arm_m3_Hwi_excHandlerAsm__I)
                  01007578    00000020                  : BIOS.obj (.text:ti_sysbios_family_arm_m3_Hwi_excHandler__I)
                  01007598    00000020     release_pem4.oem4 (.text:ti_sysbios_gates_GateHwi_Object__delete__S)
                  010075b8    00000020     release_pem4.oem4 (.text:ti_sysbios_heaps_HeapMem_Object__delete__S)
                  010075d8    00000020     sysbios.aem4 : BIOS.obj (.text:ti_sysbios_knl_Idle_run__E)
                  010075f8    00000020     release_pem4.oem4 (.text:ti_sysbios_knl_Semaphore_destruct)
                  01007618    00000020     release_pem4.oem4 (.text:ti_sysbios_knl_Task_Object__delete__S)
                  01007638    0000001e     rtsv7M4_T_le_eabi.lib : strcat.c.obj (.text:strcat)
                  01007656    0000001e     sysbios.aem4 : m3_Hwi_asm_switch.obj (.text:ti_sysbios_family_xxx_Hwi_switchAndRunFunc)
                  01007674    0000001c     driverlib.a : pin.obj (.text:PinToPadGet)
                  01007690    0000001c     rtsv7M4_T_le_eabi.lib : memccpy.c.obj (.text:memccpy)
                  010076ac    00000004     --HOLE-- [fill = 0]
                  010076b0    0000001c     sysbios.aem4 : BIOS.obj (.text:ti_sysbios_family_arm_m3_Timer_stop__E)
                  010076cc    00000004     --HOLE-- [fill = 0]
                  010076d0    0000001c                  : BIOS.obj (.text:ti_sysbios_gates_GateMutex_Instance_init__E)
                  010076ec    00000004     --HOLE-- [fill = 0]
                  010076f0    0000001c                  : BIOS.obj (.text:ti_sysbios_knl_Clock_Instance_finalize__E)
                  0100770c    0000001c     release_pem4.oem4 (.text:ti_sysbios_knl_Queue_destruct)
                  01007728    0000001c     sysbios.aem4 : BIOS.obj (.text:ti_sysbios_knl_Queue_put__E)
                  01007744    00000004     --HOLE-- [fill = 0]
                  01007748    0000001c                  : BIOS.obj (.text:ti_sysbios_knl_Task_enter__I)
                  01007764    00000004     --HOLE-- [fill = 0]
                  01007768    0000001c                  : BIOS.obj (.text:ti_sysbios_rts_ti_ReentSupport_getReent__F)
                  01007784    0000001a     release_pem4.oem4 (.text:free)
                  0100779e    0000001a     sysbios.aem4 : m3_Hwi_asm.obj (.text:ti_sysbios_family_arm_m3_Hwi_pendSV__I)
                  010077b8    00000018     drivers_cc32xx.aem4 : PowerCC32XX.oem4 (.text:Power_idleFunc)
                  010077d0    00000018     driverlib.a : uart.obj (.text:UARTBusy)
                  010077e8    00000018                 : uart.obj (.text:UARTIntEnable)
                  01007800    00000018     drivers_cc32xx.aem4 : UART.oem4 (.text:UART_Params_init)
                  01007818    00000018     rtsv7M4_T_le_eabi.lib : args_main.c.obj (.text:_args_main)
                  01007830    00000018                           : ll_mul_t2.asm.obj (.text)
                  01007848    00000018                           : strcmp.c.obj (.text:strcmp)
                  01007860    00000018     release_pem4.oem4 (.text:ti_sysbios_BIOS_rtsUnlock__I)
                  01007878    00000018     release_pem4.oem4 (.text:ti_sysbios_family_arm_m3_Hwi_Module__startupDone__F)
                  01007890    00000018     release_pem4.oem4 (.text:ti_sysbios_family_arm_m3_Timer_Module__startupDone__F)
                  010078a8    00000018     release_pem4.oem4 (.text:ti_sysbios_gates_GateHwi_Handle__label__S)
                  010078c0    00000018     release_pem4.oem4 (.text:ti_sysbios_gates_GateMutex_Handle__label__S)
                  010078d8    00000018     sysbios.aem4 : BIOS.obj (.text:ti_sysbios_gates_GateMutex_leave__E)
                  010078f0    00000018     release_pem4.oem4 (.text:ti_sysbios_heaps_HeapMem_Handle__label__S)
                  01007908    00000018     sysbios.aem4 : BIOS.obj (.text:ti_sysbios_knl_Task_sleepTimeout__I)
                  01007920    00000018     release_pem4.oem4 (.text:ti_sysbios_rts_ti_ReentSupport_getTlsAddr__I)
                  01007938    00000018     sysbios.aem4 : BIOS.obj (.text:xdc_runtime_Error_init__E)
                  01007950    00000018                  : BIOS.obj (.text:xdc_runtime_System_exit__E)
                  01007968    00000016     driverlib.a : prcm.obj (.text:PRCMHIBRegRead)
                  0100797e    00000016                 : prcm.obj (.text:PRCMHIBRegWrite)
                  01007994    00000016     rtsv7M4_T_le_eabi.lib : strchr.c.obj (.text:strchr)
                  010079aa    00000016     release_pem4.oem4 (.text:ti_sysbios_BIOS_exitFunc__I)
                  010079c0    00000014     drivers_cc32xx.aem4 : PowerCC32XX.oem4 (.text:Power_getDependencyCount)
                  010079d4    00000004     --HOLE-- [fill = 0]
                  010079d8    00000014     sysbios.aem4 : BIOS.obj (.text:pthread_attr_setschedparam)
                  010079ec    00000014     drivers_cc32xx.aem4 : UARTCC32XX.oem4 (.text:releasePowerConstraint)
                  01007a00    00000014     rtsv7M4_T_le_eabi.lib : strcpy.c.obj (.text:strcpy)
                  01007a14    00000014                           : strlen.c.obj (.text:strlen)
                  01007a28    00000014     release_pem4.oem4 (.text:ti_sysbios_family_arm_m3_Hwi_Object__get__S)
                  01007a3c    00000004     --HOLE-- [fill = 0]
                  01007a40    00000014     sysbios.aem4 : BIOS.obj (.text:ti_sysbios_family_arm_m3_Hwi_switchFromBootStack__E)
                  01007a54    00000014                  : m3_TaskSupport_asm.obj (.text:ti_sysbios_family_arm_m3_TaskSupport_swap__E)
                  01007a68    00000014     release_pem4.oem4 (.text:ti_sysbios_heaps_HeapMem_Object__get__S)
                  01007a7c    00000004     --HOLE-- [fill = 0]
                  01007a80    00000014     sysbios.aem4 : BIOS.obj (.text:ti_sysbios_knl_Clock_tickReconfig__E)
                  01007a94    00000014     release_pem4.oem4 (.text:ti_sysbios_knl_Swi_Object__get__S)
                  01007aa8    00000012     drivers_cc32xx.aem4 : RingBuf.oem4 (.text:RingBuf_construct)
                  01007aba    00000012     dpl_cc32xx.aem4 : SemaphoreP_tirtos.oem4 (.text:SemaphoreP_pend)
                  01007acc    00000004     --HOLE-- [fill = 0]
                  01007ad0    00000012     sysbios.aem4 : BIOS.obj (.text:_pthread_runStub$41)
                  01007ae2    00000006     --HOLE-- [fill = 0]
                  01007ae8    00000012                  : BIOS.obj (.text:ti_sysbios_hal_Hwi_Module_startup__E)
                  01007afa    00000012     rtsv7M4_T_le_eabi.lib : wcslen.c.obj (.text:wcslen)
                  01007b0c    00000012     release_pem4.oem4 (.text:xdc_runtime_Startup_exec__I)
                  01007b1e    00000010     dpl_cc32xx.aem4 : HwiP_tirtos.oem4 (.text:HwiP_Params_init)
                  01007b2e    00000010     drivers_cc32xx.aem4 : UARTCC32XX.oem4 (.text:readBlockingTimeout)
                  01007b3e    00000002     --HOLE-- [fill = 0]
                  01007b40    00000010     sysbios.aem4 : BIOS.obj (.text:ti_sysbios_BIOS_getCpuFreq__E)
                  01007b50    00000010                  : BIOS.obj (.text:ti_sysbios_BIOS_setThreadType__E)
                  01007b60    00000010                  : BIOS.obj (.text:ti_sysbios_BIOS_start__E)
                  01007b70    00000010                  : m3_TaskSupport_asm.obj (.text:ti_sysbios_family_arm_m3_TaskSupport_glue)
                  01007b80    00000010                  : BIOS.obj (.text:ti_sysbios_gates_GateMutex_Instance_finalize__E)
                  01007b90    00000010     release_pem4.oem4 (.text:ti_sysbios_knl_Mailbox_Object__get__S)
                  01007ba0    00000010     sysbios.aem4 : BIOS.obj (.text:ti_sysbios_knl_Semaphore_Instance_finalize__E)
                  01007bb0    00000010                  : BIOS.obj (.text:ti_sysbios_knl_Swi_disable__E)
                  01007bc0    00000010     release_pem4.oem4 (.text:ti_sysbios_knl_Task_Object__get__S)
                  01007bd0    00000010     sysbios.aem4 : BIOS.obj (.text:ti_sysbios_knl_Task_disable__E)
                  01007be0    00000010                  : BIOS.obj (.text:xdc_runtime_Memory_free__E)
                  01007bf0    00000010                  : BIOS.obj (.text:xdc_runtime_SysCallback_abort__E)
                  01007c00    00000010                  : BIOS.obj (.text:xdc_runtime_SysCallback_exit__E)
                  01007c10    0000000e     drivers_cc32xx.aem4 : RingBuf.oem4 (.text:RingBuf_isFull)
                  01007c1e    0000000e     rtsv7M4_T_le_eabi.lib : copy_decompress_none.c.obj (.text:decompress:none:__TI_decompress_none)
                  01007c2c    00000004     --HOLE-- [fill = 0]
                  01007c30    0000000e     sysbios.aem4 : BIOS.obj (.text:pthread_attr_setdetachstate)
                  01007c3e    00000002     --HOLE-- [fill = 0]
                  01007c40    0000000e                  : BIOS.obj (.text:ti_sysbios_knl_Idle_loop__E)
                  01007c4e    00000002     --HOLE-- [fill = 0]
                  01007c50    0000000e                  : BIOS.obj (.text:ti_sysbios_knl_Queue_empty__E)
                  01007c5e    0000000c     CC3220SF_LAUNCHXL.obj (.text:CC3220SF_LAUNCHXL_initGeneral)
                  01007c6a    0000000c     dpl_cc32xx.aem4 : ClockP_tirtos.oem4 (.text:ClockP_delete)
                  01007c76    0000000c                     : HwiP_tirtos.oem4 (.text:HwiP_delete)
                  01007c82    00000002     --HOLE-- [fill = 0]
                  01007c84    0000000c     drivers_cc32xx.aem4 : PowerCC32XX.oem4 (.text:Power_getConstraintMask)
                  01007c90    0000000c     dpl_cc32xx.aem4 : SemaphoreP_tirtos.oem4 (.text:SemaphoreP_delete)
                  01007c9c    0000000c     rtsv7M4_T_le_eabi.lib : _lock.c.obj (.text:_register_lock)
                  01007ca8    0000000c                           : _lock.c.obj (.text:_register_unlock)
                  01007cb4    0000000c                           : copy_zero_init.c.obj (.text:decompress:ZI:__TI_zero_init)
                  01007cc0    0000000c     drivers_cc32xx.aem4 : UARTCC32XX.oem4 (.text:postNotifyFxn)
                  01007ccc    00000004     --HOLE-- [fill = 0]
                  01007cd0    0000000c     sysbios.aem4 : BIOS.obj (.text:ti_sysbios_BIOS_getThreadType__E)
                  01007cdc    0000000c     release_pem4.oem4 (.text:ti_sysbios_family_arm_m3_Hwi_Params__init__S)
                  01007ce8    0000000c     sysbios.aem4 : BIOS.obj (.text:ti_sysbios_family_arm_m3_Hwi_disableFxn__E)
                  01007cf4    00000004     --HOLE-- [fill = 0]
                  01007cf8    0000000c                  : BIOS.obj (.text:ti_sysbios_family_arm_m3_TaskSupport_getStackAlignment__E)
                  01007d04    00000004     --HOLE-- [fill = 0]
                  01007d08    0000000c                  : BIOS.obj (.text:ti_sysbios_gates_GateHwi_enter__E)
                  01007d14    0000000c     release_pem4.oem4 (.text:ti_sysbios_knl_Clock_Params__init__S)
                  01007d20    0000000c     sysbios.aem4 : BIOS.obj (.text:ti_sysbios_knl_Clock_getTicks__E)
                  01007d2c    00000004     --HOLE-- [fill = 0]
                  01007d30    0000000c                  : BIOS.obj (.text:ti_sysbios_knl_Clock_setTicks__E)
                  01007d3c    00000004     --HOLE-- [fill = 0]
                  01007d40    0000000c                  : BIOS.obj (.text:ti_sysbios_knl_Clock_tickStart__E)
                  01007d4c    00000004     --HOLE-- [fill = 0]
                  01007d50    0000000c                  : BIOS.obj (.text:ti_sysbios_knl_Clock_tickStop__E)
                  01007d5c    0000000c     release_pem4.oem4 (.text:ti_sysbios_knl_Queue_Object__get__S)
                  01007d68    0000000c     release_pem4.oem4 (.text:ti_sysbios_knl_Semaphore_Params__init__S)
                  01007d74    0000000c     release_pem4.oem4 (.text:ti_sysbios_knl_Task_Params__init__S)
                  01007d80    0000000c     sysbios.aem4 : BIOS.obj (.text:ti_sysbios_knl_Task_self__E)
                  01007d8c    00000004     --HOLE-- [fill = 0]
                  01007d90    0000000c                  : BIOS.obj (.text:ti_sysbios_rts_ti_ReentSupport_taskRegHook__I)
                  01007d9c    00000004     --HOLE-- [fill = 0]
                  01007da0    0000000c                  : BIOS.obj (.text:xdc_runtime_Startup_rtsDone__E)
                  01007dac    0000000a     dpl_cc32xx.aem4 : ClockP_tirtos.oem4 (.text:ClockP_Params_init)
                  01007db6    0000000a     drivers_cc32xx.aem4 : UART.oem4 (.text:UART_control)
                  01007dc0    0000000a                         : UART.oem4 (.text:UART_read)
                  01007dca    0000000a                         : UART.oem4 (.text:UART_write)
                  01007dd4    0000000a     release_pem4.oem4 (.text:xdc_runtime_IHeap_alloc)
                  01007dde    0000000a     release_pem4.oem4 (.text:xdc_runtime_IHeap_free)
                  01007de8    00000008     dpl_cc32xx.aem4 : SemaphoreP_tirtos.oem4 (.text:SemaphoreP_Params_init)
                  01007df0    00000008     rtsv7M4_T_le_eabi.lib : s_copysign.c.obj (.text:copysign)
                  01007df8    00000008     sysbios.aem4 : BIOS.obj (.text:pthread_attr_setstacksize)
                  01007e00    00000008     drivers_cc32xx.aem4 : UARTCC32XX.oem4 (.text:readSemCallback)
                  01007e08    00000008     sysbios.aem4 : BIOS.obj (.text:ti_sysbios_family_arm_m3_Hwi_doSwiRestore__I)
                  01007e10    00000008                  : BIOS.obj (.text:ti_sysbios_family_arm_m3_Hwi_startup__E)
                  01007e18    00000008     drivers_cc32xx.aem4 : UARTCC32XX.oem4 (.text:writeSemCallback)
                  01007e20    00000006     sysbios.aem4 : BIOS.obj (.text:ti_sysbios_family_arm_m3_Hwi_doTaskRestore__I)
                  01007e26    00000002     --HOLE-- [fill = 0]
                  01007e28    00000006                  : BIOS.obj (.text:ti_sysbios_family_arm_m3_Hwi_restoreFxn__E)
                  01007e2e    00000002     --HOLE-- [fill = 0]
                  01007e30    00000006                  : BIOS.obj (.text:ti_sysbios_gates_GateHwi_leave__E)
                  01007e36    00000002     --HOLE-- [fill = 0]
                  01007e38    00000006                  : BIOS.obj (.text:ti_sysbios_heaps_HeapMem_isBlocking__E)
                  01007e3e    00000002     --HOLE-- [fill = 0]
                  01007e40    00000006                  : BIOS.obj (.text:ti_sysbios_knl_Clock_stop__E)
                  01007e46    00000002     --HOLE-- [fill = 0]
                  01007e48    00000006                  : BIOS.obj (.text:ti_sysbios_knl_Queue_Instance_init__E)
                  01007e4e    00000002     --HOLE-- [fill = 0]
                  01007e50    00000006                  : BIOS.obj (.text:ti_sysbios_knl_Swi_startup__E)
                  01007e56    00000002     --HOLE-- [fill = 0]
                  01007e58    00000006                  : BIOS.obj (.text:xdc_runtime_System_Module_startup__E)
                  01007e5e    00000002     --HOLE-- [fill = 0]
                  01007e60    00000004                  : BIOS.obj (.text:__aeabi_errno_addr)
                  01007e64    00000004     --HOLE-- [fill = 0]
                  01007e68    00000004                  : BIOS.obj (.text:ti_sysbios_family_arm_m3_Timer_getMaxTicks__E)
                  01007e6c    00000004     --HOLE-- [fill = 0]
                  01007e70    00000004                  : BIOS.obj (.text:ti_sysbios_gates_GateHwi_query__E)
                  01007e74    00000004     --HOLE-- [fill = 0]
                  01007e78    00000004                  : BIOS.obj (.text:ti_sysbios_gates_GateMutex_query__E)
                  01007e7c    00000004     --HOLE-- [fill = 0]
                  01007e80    00000004                  : BIOS.obj (.text:ti_sysbios_knl_Clock_setTimeout__E)
                  01007e84    00000004     --HOLE-- [fill = 0]
                  01007e88    00000004                  : BIOS.obj (.text:ti_sysbios_knl_Task_startup__E)
                  01007e8c    00000004     --HOLE-- [fill = 0]
                  01007e90    00000002                  : BIOS.obj (.text:ti_sysbios_BIOS_linkedWithIncorrectBootLibrary__E)
                  01007e92    00000006     --HOLE-- [fill = 0]
                  01007e98    00000002                  : BIOS.obj (.text:ti_sysbios_gates_GateHwi_Instance_init__E)
                  01007e9a    00000006     --HOLE-- [fill = 0]
                  01007ea0    00000002                  : BIOS.obj (.text:ti_sysbios_knl_Clock_logTick__E)
                  01007ea2    00000006     --HOLE-- [fill = 0]
                  01007ea8    00000002                  : BIOS.obj (.text:xdc_runtime_SysCallback_defaultAbort)
                  01007eaa    00000006     --HOLE-- [fill = 0]
                  01007eb0    00000002                  : BIOS.obj (.text:xdc_runtime_SysCallback_defaultExit)
                  01007eb2    00000006     --HOLE-- [fill = 0]
                  01007eb8    00000002                  : BIOS.obj (.text:xdc_runtime_System_abortSpin__E)
                  01007eba    00000006     --HOLE-- [fill = 0]
                  01007ec0    00000002                  : BIOS.obj (.text:xdc_runtime_System_exitSpin__E)

.const     0    01007ec4    000008a7     
                  01007ec4    00000101     rtsv7M4_T_le_eabi.lib : ctype.c.obj (.const:.string:_ctypes_)
                  01007fc5    00000003     uartpower.obj (.const:.string:$P$T2$3)
                  01007fc8    00000100     driverlib.a : pin.obj (.const:g_ulPinToPadMap)
                  010080c8    000000a8                 : prcm.obj (.const:PRCM_PeriphRegsList)
                  01008170    00000058     release_pem4.oem4 (.const:.string)
                  010081c8    00000048     CC3220SF_LAUNCHXL.obj (.const:uartCC3220SHWAttrs)
                  01008210    00000044     release_pem4.oem4 (.const:ti_sysbios_knl_Task_Object__PARAMS__C)
                  01008254    00000040     CC3220SF_LAUNCHXL.obj (.const:PowerCC32XX_config)
                  01008294    00000030     release_pem4.oem4 (.const:ti_sysbios_family_arm_m3_Hwi_Object__PARAMS__C)
                  010082c4    0000002e     uartpower.obj (.const:.string:frame1)
                  010082f2    00000002     release_pem4.oem4 (.const:ti_sysbios_family_arm_m3_Hwi_Module__id__C)
                  010082f4    00000028     drivers_cc32xx.aem4 : UARTCC32XX.oem4 (.const:UARTCC32XX_fxnTable)
                  0100831c    00000028     release_pem4.oem4 (.const:ti_sysbios_heaps_HeapMem_Module__FXNS__C)
                  01008344    00000024     drivers_cc32xx.aem4 : UART.oem4 (.const:UART_defaultParams)
                  01008368    00000024     release_pem4.oem4 (.const:ti_sysbios_gates_GateHwi_Module__FXNS__C)
                  0100838c    00000024     release_pem4.oem4 (.const:ti_sysbios_gates_GateMutex_Module__FXNS__C)
                  010083b0    00000024     release_pem4.oem4 (.const:ti_sysbios_heaps_HeapMem_Object__PARAMS__C)
                  010083d4    00000024     release_pem4.oem4 (.const:ti_sysbios_knl_Clock_Object__PARAMS__C)
                  010083f8    00000024     release_pem4.oem4 (.const:ti_sysbios_knl_Semaphore_Object__PARAMS__C)
                  0100841c    00000020     drivers_cc32xx.aem4 : UARTCC32XX.oem4 (.const:staticFxnTable)
                  0100843c    00000020     release_pem4.oem4 (.const:ti_sysbios_family_arm_m3_Hwi_Object__DESC__C)
                  0100845c    00000020     release_pem4.oem4 (.const:ti_sysbios_gates_GateHwi_Object__DESC__C)
                  0100847c    00000020     release_pem4.oem4 (.const:ti_sysbios_gates_GateMutex_Object__DESC__C)
                  0100849c    00000020     release_pem4.oem4 (.const:ti_sysbios_heaps_HeapMem_Object__DESC__C)
                  010084bc    00000020     release_pem4.oem4 (.const:ti_sysbios_knl_Clock_Object__DESC__C)
                  010084dc    00000020     release_pem4.oem4 (.const:ti_sysbios_knl_Queue_Object__DESC__C)
                  010084fc    00000020     release_pem4.oem4 (.const:ti_sysbios_knl_Semaphore_Object__DESC__C)
                  0100851c    00000020     release_pem4.oem4 (.const:ti_sysbios_knl_Task_Object__DESC__C)
                  0100853c    00000020     release_pem4.oem4 (.const:xdc_runtime_Startup_sfxnTab__A)
                  0100855c    00000018     CC3220SF_LAUNCHXL.obj (.const:UART_config)
                  01008574    00000018     release_pem4.oem4 (.const:ti_sysbios_gates_GateHwi_Object__PARAMS__C)
                  0100858c    00000018     release_pem4.oem4 (.const:ti_sysbios_gates_GateMutex_Object__PARAMS__C)
                  010085a4    00000018     release_pem4.oem4 (.const:ti_sysbios_knl_Queue_Object__PARAMS__C)
                  010085bc    00000018     release_pem4.oem4 (.const:ti_sysbios_knl_Task_hooks__A)
                  010085d4    00000016     uartpower.obj (.const:.string:$P$T1$2)
                  010085ea    00000002     release_pem4.oem4 (.const:ti_sysbios_family_arm_m3_Timer_Module__id__C)
                  010085ec    00000014     drivers_cc32xx.aem4 : UARTCC32XX.oem4 (.const:parityType)
                  01008600    00000012     uartpower.obj (.const:.string:$P$T0$1)
                  01008612    00000010     uartpower.obj (.const:.string:$P$T3$4)
                  01008622    00000002     release_pem4.oem4 (.const:ti_sysbios_heaps_HeapMem_Module__id__C)
                  01008624    00000010     drivers_cc32xx.aem4 : UARTCC32XX.oem4 (.const:dataLength)
                  01008634    00000010     release_pem4.oem4 (.const:xdc_runtime_Startup_sfxnRts__A)
                  01008644    0000000d     CC3220SF_LAUNCHXL.obj (.const)
                  01008651    00000001     release_pem4.oem4 (.const:ti_sysbios_knl_Clock_tickMode__C)
                  01008652    00000002     release_pem4.oem4 (.const:xdc_runtime_Memory_Module__id__C)
                  01008654    0000000c     release_pem4.oem4 (.const:xdc_runtime_Startup_firstFxns__A)
                  01008660    00000008     drivers_cc32xx.aem4 : UARTCC32XX.oem4 (.const:stopBits)
                  01008668    00000008     release_pem4.oem4 (.const:ti_sysbios_knl_Idle_funcList__A)
                  01008670    00000008     release_pem4.oem4 (.const:ti_sysbios_knl_Idle_funcList__C)
                  01008678    00000008     release_pem4.oem4 (.const:ti_sysbios_knl_Task_hooks__C)
                  01008680    00000008     release_pem4.oem4 (.const:xdc_runtime_Startup_firstFxns__C)
                  01008688    00000008     release_pem4.oem4 (.const:xdc_runtime_Startup_lastFxns__C)
                  01008690    00000004     release_pem4.oem4 (.const:ti_sysbios_family_arm_m3_Hwi_E_alreadyDefined__C)
                  01008694    00000004     release_pem4.oem4 (.const:ti_sysbios_family_arm_m3_Hwi_NUM_INTERRUPTS__C)
                  01008698    00000004     release_pem4.oem4 (.const:ti_sysbios_family_arm_m3_Hwi_Object__count__C)
                  0100869c    00000004     release_pem4.oem4 (.const:ti_sysbios_family_arm_m3_Hwi_ccr__C)
                  010086a0    00000004     release_pem4.oem4 (.const:ti_sysbios_family_arm_m3_Hwi_excHandlerFunc__C)
                  010086a4    00000004     release_pem4.oem4 (.const:ti_sysbios_family_arm_m3_Hwi_nullIsrFunc__C)
                  010086a8    00000004     release_pem4.oem4 (.const:ti_sysbios_family_arm_m3_Hwi_priGroup__C)
                  010086ac    00000004     release_pem4.oem4 (.const:ti_sysbios_family_arm_m3_Hwi_swiDisable__C)
                  010086b0    00000004     release_pem4.oem4 (.const:ti_sysbios_family_arm_m3_Hwi_swiRestoreHwi__C)
                  010086b4    00000004     release_pem4.oem4 (.const:ti_sysbios_family_arm_m3_TaskSupport_stackAlignment__C)
                  010086b8    00000004     release_pem4.oem4 (.const:ti_sysbios_family_arm_m3_Timer_E_cannotSupport__C)
                  010086bc    00000004     release_pem4.oem4 (.const:ti_sysbios_family_arm_m3_Timer_startupNeeded__C)
                  010086c0    00000004     release_pem4.oem4 (.const:ti_sysbios_gates_GateMutex_Instance_State_sem__O)
                  010086c4    00000004     release_pem4.oem4 (.const:ti_sysbios_heaps_HeapMem_E_memory__C)
                  010086c8    00000004     release_pem4.oem4 (.const:ti_sysbios_heaps_HeapMem_Module__gateObj__C)
                  010086cc    00000004     release_pem4.oem4 (.const:ti_sysbios_heaps_HeapMem_Object__count__C)
                  010086d0    00000004     release_pem4.oem4 (.const:ti_sysbios_heaps_HeapMem_primaryHeapBaseAddr__C)
                  010086d4    00000004     release_pem4.oem4 (.const:ti_sysbios_heaps_HeapMem_primaryHeapEndAddr__C)
                  010086d8    00000004     release_pem4.oem4 (.const:ti_sysbios_heaps_HeapMem_reqAlign__C)
                  010086dc    00000004     release_pem4.oem4 (.const:ti_sysbios_knl_Clock_Module_State_clockQ__O)
                  010086e0    00000004     release_pem4.oem4 (.const:ti_sysbios_knl_Clock_tickPeriod__C)
                  010086e4    00000004     release_pem4.oem4 (.const:ti_sysbios_knl_Mailbox_Instance_State_freeQue__O)
                  010086e8    00000004     release_pem4.oem4 (.const:ti_sysbios_knl_Mailbox_Object__count__C)
                  010086ec    00000004     release_pem4.oem4 (.const:ti_sysbios_knl_Mailbox_maxTypeAlign__C)
                  010086f0    00000004     release_pem4.oem4 (.const:ti_sysbios_knl_Semaphore_Instance_State_pendQ__O)
                  010086f4    00000004     release_pem4.oem4 (.const:ti_sysbios_knl_Swi_Object__count__C)
                  010086f8    00000004     release_pem4.oem4 (.const:ti_sysbios_knl_Task_Module_State_inactiveQ__O)
                  010086fc    00000004     release_pem4.oem4 (.const:ti_sysbios_knl_Task_Object__count__C)
                  01008700    00000004     release_pem4.oem4 (.const:ti_sysbios_knl_Task_Object__heap__C)
                  01008704    00000004     release_pem4.oem4 (.const:ti_sysbios_knl_Task_allBlockedFunc__C)
                  01008708    00000004     release_pem4.oem4 (.const:ti_sysbios_knl_Task_defaultStackHeap__C)
                  0100870c    00000004     release_pem4.oem4 (.const:ti_sysbios_knl_Task_defaultStackSize__C)
                  01008710    00000004     release_pem4.oem4 (.const:ti_sysbios_knl_Task_numConstructedTasks__C)
                  01008714    00000004     release_pem4.oem4 (.const:xdc_runtime_Error_E_memory__C)
                  01008718    00000004     release_pem4.oem4 (.const:xdc_runtime_Error_policyFxn__C)
                  0100871c    00000004     release_pem4.oem4 (.const:xdc_runtime_IGateProvider_Interface__BASE__C)
                  01008720    00000004     release_pem4.oem4 (.const:xdc_runtime_IHeap_Interface__BASE__C)
                  01008724    00000004     release_pem4.oem4 (.const:xdc_runtime_IModule_Interface__BASE__C)
                  01008728    00000004     release_pem4.oem4 (.const:xdc_runtime_Memory_defaultHeapInstance__C)
                  0100872c    00000004     release_pem4.oem4 (.const:xdc_runtime_Startup_execImpl__C)
                  01008730    00000004     release_pem4.oem4 (.const:xdc_runtime_Startup_maxPasses__C)
                  01008734    00000004     release_pem4.oem4 (.const:xdc_runtime_Startup_sfxnRts__C)
                  01008738    00000004     release_pem4.oem4 (.const:xdc_runtime_Startup_sfxnTab__C)
                  0100873c    00000004     release_pem4.oem4 (.const:xdc_runtime_SysCallback_abortFxn__C)
                  01008740    00000004     release_pem4.oem4 (.const:xdc_runtime_SysCallback_exitFxn__C)
                  01008744    00000004     release_pem4.oem4 (.const:xdc_runtime_System_Module__gateObj__C)
                  01008748    00000004     release_pem4.oem4 (.const:xdc_runtime_System_abortFxn__C)
                  0100874c    00000004     release_pem4.oem4 (.const:xdc_runtime_System_exitFxn__C)
                  01008750    00000004     release_pem4.oem4 (.const:xdc_runtime_System_maxAtexitHandlers__C)
                  01008754    00000004     release_pem4.oem4 (.const:xdc_runtime_Text_charTab__C)
                  01008758    00000004     release_pem4.oem4 (.const:xdc_runtime_Text_nameEmpty__C)
                  0100875c    00000004     release_pem4.oem4 (.const:xdc_runtime_Text_nameStatic__C)
                  01008760    00000004     release_pem4.oem4 (.const:xdc_runtime_Text_nameUnknown__C)
                  01008764    00000002     release_pem4.oem4 (.const:xdc_runtime_Text_charCnt__C)
                  01008766    00000002     release_pem4.oem4 (.const:xdc_runtime_Text_isLoaded__C)
                  01008768    00000001     release_pem4.oem4 (.const:ti_sysbios_knl_Clock_tickSource__C)
                  01008769    00000001     release_pem4.oem4 (.const:xdc_runtime_Error_policy__C)
                  0100876a    00000001     release_pem4.oem4 (.const:xdc_runtime_Text_charTab__A)

.cinit     0    01008770    00000298     
                  01008770    00000272     (.cinit..data.load) [load image, compression = lzss]
                  010089e2    00000002     --HOLE-- [fill = 0]
                  010089e4    0000000c     (__TI_handler_table)
                  010089f0    00000008     (.cinit..bss.load) [load image, compression = zero_init]
                  010089f8    00000010     (__TI_cinit_table)

.init_array 
*          0    01000800    00000000     UNINITIALIZED

.bss       0    20008310    00000950     UNINITIALIZED
                  20008310    0000030c     (.common:ti_sysbios_family_arm_m3_Hwi_dispatchTable)
                  2000861c    00000004     (.common:ClockP_tickPeriod)
                  20008620    00000200     release_pem4.oem4 (.bss:taskStackSection)
                  20008820    0000012c     (.common:PowerCC32XX_contextSave)
                  2000894c    00000120     rtsv7M4_T_le_eabi.lib : trgmsg.c.obj (.bss:_CIOBUF_)
                  20008a6c    00000108     (.common:uartCC3220SObjects)
                  20008b74    000000a0     (.common:__TI_tmpnams)
                  20008c14    00000040     (.common:uartCC3220SRingBuffer)
                  20008c54    00000008     (.common:parmbuf)
                  20008c5c    00000004     (.common:ti_sysbios_knl_Task_Instance_State_0_hookEnv__A)

.data      0    20008c60    00000893     UNINITIALIZED
                  20008c60    0000016c     drivers_cc32xx.aem4 : PowerCC32XX.oem4 (.data:PowerCC32XX_module)
                  20008dcc    000000f8     CC3220SF_LAUNCHXL.obj (.data:parkInfo)
                  20008ec4    000000f0     rtsv7M4_T_le_eabi.lib : defs.c.obj (.data:_ftable)
                  20008fb4    00000088     sysbios.aem4 : BIOS.obj (.data:$O1$$)
                  2000903c    00000080     release_pem4.oem4 (.data:ti_sysbios_knl_Swi_Module_State_0_readyQ__A)
                  200090bc    00000080     release_pem4.oem4 (.data:ti_sysbios_knl_Task_Module_State_0_readyQ__A)
                  2000913c    00000078     rtsv7M4_T_le_eabi.lib : write.c.obj (.data:_device)
                  200091b4    0000005c     release_pem4.oem4 (.data:ti_sysbios_knl_Task_Object__table__V)
                  20009210    00000054     release_pem4.oem4 (.data:ti_sysbios_gates_GateMutex_Object__table__V)
                  20009264    00000050     rtsv7M4_T_le_eabi.lib : write.c.obj (.data:_stream)
                  200092b4    00000048     release_pem4.oem4 (.data:ti_sysbios_knl_Task_Module__state__V)
                  200092fc    00000034     release_pem4.oem4 (.data:ti_sysbios_family_arm_m3_Hwi_Module__state__V)
                  20009330    00000030     release_pem4.oem4 (.data:ti_sysbios_family_arm_m3_Timer_Object__table__V)
                  20009360    00000030     release_pem4.oem4 (.data:ti_sysbios_knl_Swi_Object__table__V)
                  20009390    0000002c     release_pem4.oem4 (.data:ti_sysbios_knl_Clock_Module__state__V)
                  200093bc    00000024     release_pem4.oem4 (.data:ti_sysbios_BIOS_Module__state__V)
                  200093e0    00000020     release_pem4.oem4 (.data:xdc_runtime_Error_IgnoreBlock)
                  20009400    0000001c     release_pem4.oem4 (.data:ti_sysbios_knl_Swi_Module__state__V)
                  2000941c    00000018     release_pem4.oem4 (.data:ti_sysbios_family_arm_m3_Hwi_Object__table__V)
                  20009434    00000018     release_pem4.oem4 (.data:ti_sysbios_heaps_HeapMem_Object__table__V)
                  2000944c    00000010     rtsv7M4_T_le_eabi.lib : defs.c.obj (.data)
                  2000945c    0000000c                           : exit.c.obj (.data:$O1$$)
                  20009468    0000000c     release_pem4.oem4 (.data:ti_sysbios_family_arm_m3_Timer_Module__state__V)
                  20009474    00000008     rtsv7M4_T_le_eabi.lib : _lock.c.obj (.data:$O1$$)
                  2000947c    00000008     release_pem4.oem4 (.data:ti_sysbios_family_arm_m3_Hwi_Module__root__V)
                  20009484    00000008     release_pem4.oem4 (.data:ti_sysbios_gates_GateHwi_Module__root__V)
                  2000948c    00000008     release_pem4.oem4 (.data:ti_sysbios_gates_GateMutex_Module__root__V)
                  20009494    00000008     release_pem4.oem4 (.data:ti_sysbios_heaps_HeapMem_Module__root__V)
                  2000949c    00000008     release_pem4.oem4 (.data:ti_sysbios_knl_Clock_Module__root__V)
                  200094a4    00000008     release_pem4.oem4 (.data:ti_sysbios_knl_Queue_Module__root__V)
                  200094ac    00000008     release_pem4.oem4 (.data:ti_sysbios_knl_Semaphore_Module__root__V)
                  200094b4    00000008     release_pem4.oem4 (.data:ti_sysbios_knl_Task_Module__root__V)
                  200094bc    00000008     release_pem4.oem4 (.data:xdc_runtime_Startup_Module__state__V)
                  200094c4    00000008     release_pem4.oem4 (.data:xdc_runtime_System_Module_State_0_atexitHandlers__A)
                  200094cc    00000008     release_pem4.oem4 (.data:xdc_runtime_System_Module__state__V)
                  200094d4    00000004     rtsv7M4_T_le_eabi.lib : stkdepth_vars.c.obj (.data)
                  200094d8    00000004     release_pem4.oem4 (.data:ti_sysbios_family_arm_m3_Hwi_Module_State_0_excContext__A)
                  200094dc    00000004     release_pem4.oem4 (.data:ti_sysbios_family_arm_m3_Hwi_Module_State_0_excStack__A)
                  200094e0    00000004     release_pem4.oem4 (.data:ti_sysbios_gates_GateHwi_Object__table__V)
                  200094e4    00000004     release_pem4.oem4 (.data:ti_sysbios_knl_Task_Module_State_0_idleTask__A)
                  200094e8    00000004     release_pem4.oem4 (.data:ti_sysbios_rts_ti_ReentSupport_Module__state__V)
                  200094ec    00000004     release_pem4.oem4 (.data:xdc_runtime_Memory_Module__state__V)
                  200094f0    00000002     release_pem4.oem4 (.data:ti_sysbios_family_arm_m3_Hwi_Module_State_0_excActive__A)
                  200094f2    00000001     drivers_cc32xx.aem4 : UART.oem4 (.data)

.priheap   0    20000310    00008000     UNINITIALIZED
                  20000310    00008000     --HOLE--

.stack     0    2003fc00    00000400     UNINITIALIZED
                  2003fc00    00000400     --HOLE--

.bootVecs 
*          0    00000000    00000008     DSECT
                  00000000    00000008     boot.aem4 : boot.oem4 (.bootVecs)

.resetVecs 
*          0    01000800    0000003c     
                  01000800    0000003c     release_pem4.oem4 (.resetVecs)

.vecs      0    20000000    0000030c     NOLOAD SECTION
                  20000000    0000030c     release_pem4.oem4 (.vecs)

xdc.meta   0    00000000    00000106     COPY SECTION
                  00000000    00000106     release_pem4.oem4 (xdc.meta)

xdc.noload 
*          0    00000000    00000000     COPY SECTION

.binit     0    01000000    00000000     

MODULE SUMMARY

       Module                       code    ro data   rw data
       ------                       ----    -------   -------
    .\
       CC3220SF_LAUNCHXL.obj        12      173       576    
       uartpower.obj                332     105       0      
       main_tirtos.obj              100     0         0      
    +--+----------------------------+-------+---------+---------+
       Total:                       444     278       576    
                                                             
    C:\Users\villl\workspace_v8\tirtos_builds_CC3220SF_LAUNCHXL_release_ccs\Debug\configPkg\package\cfg\
       release_pem4.oem4            1568    1164      3042   
    +--+----------------------------+-------+---------+---------+
       Total:                       1568    1164      3042   
                                                             
    C:/ti/simplelink_cc32xx_sdk_2_40_00_05/kernel/tirtos/packages/ti/dpl/lib/dpl_cc32xx.aem4
       PowerCC32XX_tirtos.oem4      442     0         0      
       ClockP_tirtos.oem4           118     0         4      
       SemaphoreP_tirtos.oem4       102     0         0      
       HwiP_tirtos.oem4             96      0         0      
    +--+----------------------------+-------+---------+---------+
       Total:                       758     0         4      
                                                             
    C:/ti/simplelink_cc32xx_sdk_2_40_00_05/source/ti/devices/cc32xx/driverlib/ccs/Release/driverlib.a
       prcm.obj                     1604    168       0      
       pin.obj                      280     256       0      
       flash.obj                    72      0         0      
       uart.obj                     48      0         0      
       utils.obj                    6       0         0      
    +--+----------------------------+-------+---------+---------+
       Total:                       2010    424       0      
                                                             
    C:/ti/simplelink_cc32xx_sdk_2_40_00_05/source/ti/drivers/lib/drivers_cc32xx.aem4
       UARTCC32XX.oem4              3434    116       0      
       PowerCC32XX.oem4             2284    0         664    
       UART.oem4                    182     36        1      
       RingBuf.oem4                 198     0         0      
       PowerCC32XX_asm.oem4         150     0         0      
       List.oem4                    76      0         0      
    +--+----------------------------+-------+---------+---------+
       Total:                       6324    152       665    
                                                             
    C:\Users\villl\workspace_v8\tirtos_builds_CC3220SF_LAUNCHXL_release_ccs\src\sysbios\sysbios.aem4
       BIOS.obj                     8460    0         136    
       m3_Hwi_asm.obj               266     0         0      
       m3_Hwi_asm_switch.obj        102     0         0      
       m3_TaskSupport_asm.obj       36      0         0      
    +--+----------------------------+-------+---------+---------+
       Total:                       8864    0         136    
                                                             
    C:\ti\ccsv8\tools\compiler\ti-cgt-arm_18.1.4.LTS\lib\rtsv7M4_T_le_eabi.lib
       _printfi.c.obj               4831    0         0      
       fd_add_t2.asm.obj            438     0         0      
       defs.c.obj                   0       0         416    
       trgmsg.c.obj                 108     0         288    
       fd_div_t2.asm.obj            310     0         0      
       fputs.c.obj                  276     0         0      
       fd_cmp_t2.asm.obj            268     0         0      
       ctype.c.obj                  0       257       0      
       fd_mul_t2.asm.obj            252     0         0      
       write.c.obj                  40      0         200    
       setvbuf.c.obj                220     0         0      
       s_scalbn.c.obj               208     0         0      
       memcpy_t2.asm.obj            156     0         0      
       ull_div_t2.asm.obj           150     0         0      
       fputc.c.obj                  140     0         0      
       memset_t2.asm.obj            122     0         0      
       fclose.c.obj                 116     0         0      
       getdevice.c.obj              116     0         0      
       printf.c.obj                 112     0         0      
       copy_decompress_lzss.c.obj   104     0         0      
       hostlseek.c.obj              104     0         0      
       hostopen.c.obj               96      0         8      
       hostrename.c.obj             104     0         0      
       fseek.c.obj                  100     0         0      
       _io_perm.c.obj               98      0         0      
       close.c.obj                  92      0         0      
       s_frexp.c.obj                92      0         0      
       hostread.c.obj               88      0         0      
       hostwrite.c.obj              88      0         0      
       ltoa.c.obj                   84      0         0      
       atoi.c.obj                   76      0         0      
       cpy_tbl.c.obj                76      0         0      
       fflush.c.obj                 76      0         0      
       fd_toi_t2.asm.obj            72      0         0      
       hostclose.c.obj              68      0         0      
       hostunlink.c.obj             68      0         0      
       strncpy.c.obj                54      0         0      
       fopen.c.obj                  52      0         0      
       i_tofd_t2.asm.obj            46      0         0      
       unlink.c.obj                 44      0         0      
       lseek.c.obj                  40      0         0      
       _lock.c.obj                  26      0         8      
       memchr.c.obj                 32      0         0      
       strcat.c.obj                 30      0         0      
       memccpy.c.obj                28      0         0      
       args_main.c.obj              24      0         0      
       ll_mul_t2.asm.obj            24      0         0      
       strcmp.c.obj                 24      0         0      
       strchr.c.obj                 22      0         0      
       strcpy.c.obj                 20      0         0      
       strlen.c.obj                 20      0         0      
       wcslen.c.obj                 18      0         0      
       copy_decompress_none.c.obj   14      0         0      
       copy_zero_init.c.obj         12      0         0      
       exit.c.obj                   0       0         12     
       s_copysign.c.obj             8       0         0      
       stkdepth_vars.c.obj          0       0         4      
       div0.asm.obj                 2       0         0      
    +--+----------------------------+-------+---------+---------+
       Total:                       9889    257       936    
                                                             
    C:\ti\simplelink_cc32xx_sdk_2_40_00_05\kernel\tirtos\packages\ti\targets\arm\rtsarm\lib\auto_init.aem4
       auto_init.oem4               160     0         0      
    +--+----------------------------+-------+---------+---------+
       Total:                       160     0         0      
                                                             
    C:\ti\simplelink_cc32xx_sdk_2_40_00_05\kernel\tirtos\packages\ti\targets\arm\rtsarm\lib\boot.aem4
       boot.oem4                    68      0         0      
    +--+----------------------------+-------+---------+---------+
       Total:                       68      0         0      
                                                             
       Stack:                       0       0         1024   
       Linker Generated:            0       662       0      
    +--+----------------------------+-------+---------+---------+
       Grand Total:                 30085   2937      6383   


LINKER GENERATED COPY TABLES

__TI_cinit_table @ 010089f8 records: 2, size/record: 8, table size: 16
	.data: load addr=01008770, load size=00000272 bytes, run addr=20008c60, run size=00000893 bytes, compression=lzss
	.bss: load addr=010089f0, load size=00000008 bytes, run addr=20008310, run size=00000950 bytes, compression=zero_init


LINKER GENERATED HANDLER TABLE

__TI_handler_table @ 010089e4 records: 3, size/record: 4, table size: 12
	index: 0, handler: __TI_decompress_lzss
	index: 1, handler: __TI_decompress_none
	index: 2, handler: __TI_zero_init


GLOBAL SYMBOLS: SORTED ALPHABETICALLY BY Name 

address   name                                                            
-------   ----                                                            
01008644  ADC_count                                                       
01006b37  C$$IO$$                                                         
01007c5f  CC3220SF_LAUNCHXL_initGeneral                                   
01008645  Capture_count                                                   
01007dad  ClockP_Params_init                                              
01005d59  ClockP_create                                                   
01007c6b  ClockP_delete                                                   
01002c5d  ClockP_getCpuFreq                                               
01007d21  ClockP_getSystemTicks                                           
01003085  ClockP_setTimeout                                               
010035cd  ClockP_start                                                    
01003dad  ClockP_stop                                                     
2000861c  ClockP_tickPeriod                                               
01008646  CryptoCC32XX_count                                              
01008647  Display_count                                                   
01006155  FlashDisable                                                    
00008000  HEAPSIZE                                                        
01006471  HOSTclose                                                       
0100506d  HOSTlseek                                                       
01005539  HOSTopen                                                        
010059ad  HOSTread                                                        
010050d5  HOSTrename                                                      
010064b5  HOSTunlink                                                      
01005a05  HOSTwrite                                                       
01007b1f  HwiP_Params_init                                                
01006725  HwiP_create                                                     
01007c77  HwiP_delete                                                     
010043c5  HwiP_disable                                                    
01007e29  HwiP_restore                                                    
01008648  I2C_count                                                       
01008649  I2S_count                                                       
01007269  List_put                                                        
0100728f  List_remove                                                     
0100128d  PRCMCC3200MCUInit                                               
01007969  PRCMHIBRegRead                                                  
0100797f  PRCMHIBRegWrite                                                 
0100619d  PRCMLPDSEnter                                                   
01006ad1  PRCMLPDSEnterKeepDebugIf                                        
010064f9  PRCMLPDSRestoreInfoSet                                          
01007179  PRCMPeripheralClkDisable                                        
010061e5  PRCMPeripheralClkEnable                                         
01005a5d  PRCMPeripheralReset                                             
01005599  PRCMSysResetCauseGet                                            
0100864a  PWM_count                                                       
01004575  PinConfigSet                                                    
01006c1d  PinModeGet                                                      
01006765  PinModeSet                                                      
01007675  PinToPadGet                                                     
01008254  PowerCC32XX_config                                              
01003c5d  PowerCC32XX_configureWakeup                                     
20008820  PowerCC32XX_contextSave                                         
0100653d  PowerCC32XX_enterLPDS                                           
0100709d  PowerCC32XX_getParkState                                        
010071a1  PowerCC32XX_initPolicy                                          
20008c60  PowerCC32XX_module                                              
01005e49  PowerCC32XX_parkPin                                             
01006c51  PowerCC32XX_restoreParkState                                    
01006dfb  PowerCC32XX_restoreParkedPin                                    
01005cb5  PowerCC32XX_resumeLPDS                                          
010052e1  PowerCC32XX_setParkState                                        
01001f1d  PowerCC32XX_sleepPolicy                                         
01007c85  Power_getConstraintMask                                         
010079c1  Power_getDependencyCount                                        
010077b9  Power_idleFunc                                                  
01004931  Power_init                                                      
010071c9  Power_registerNotify                                            
0100622d  Power_releaseConstraint                                         
01005ab5  Power_releaseDependency                                         
010068a9  Power_setConstraint                                             
01004b45  Power_setDependency                                             
01002b45  Power_sleep                                                     
01007475  Power_unregisterNotify                                          
01007aa9  RingBuf_construct                                               
010067a5  RingBuf_get                                                     
[...]
01007bf1  xdc_runtime_SysCallback_abort__E                                
01007bf1  xdc_runtime_System_SupportProxy_abort__E                        
01007c01  xdc_runtime_SysCallback_exit__E                                 
01007c01  xdc_runtime_System_SupportProxy_exit__E                         
01007c11  RingBuf_isFull                                                  
01007c1f  __TI_decompress_none                                            
01007c31  pthread_attr_setdetachstate                                     
01007c41  ti_sysbios_knl_Idle_loop__E                                     
01007c51  ti_sysbios_knl_Queue_empty__E                                   
01007c5f  CC3220SF_LAUNCHXL_initGeneral                                   
01007c6b  ClockP_delete                                                   
01007c77  HwiP_delete                                                     
01007c85  Power_getConstraintMask                                         
01007c91  SemaphoreP_delete                                               
01007c9d  _register_lock                                                  
01007ca9  _register_unlock                                                
01007cb5  __TI_zero_init                                                  
01007cd1  ti_sysbios_BIOS_getThreadType__E                                
01007cdd  ti_sysbios_family_arm_m3_Hwi_Params__init__S                    
01007cdd  ti_sysbios_hal_Hwi_HwiProxy_Params__init__S                     
01007ce9  ti_sysbios_family_arm_m3_Hwi_disableFxn__E                      
01007ce9  ti_sysbios_hal_Hwi_HwiProxy_disable__E                          
01007cf9  ti_sysbios_family_arm_m3_TaskSupport_getStackAlignment__E       
01007cf9  ti_sysbios_knl_Task_SupportProxy_getStackAlignment__E           
01007d09  ti_sysbios_gates_GateHwi_enter__E                               
01007d15  ti_sysbios_knl_Clock_Params__init__S                            
01007d21  ClockP_getSystemTicks                                           
01007d21  ti_sysbios_knl_Clock_getTicks__E                                
01007d31  ti_sysbios_knl_Clock_setTicks__E                                
01007d41  ti_sysbios_knl_Clock_tickStart__E                               
01007d51  ti_sysbios_knl_Clock_tickStop__E                                
01007d5d  ti_sysbios_knl_Queue_Object__get__S                             
01007d69  ti_sysbios_knl_Semaphore_Params__init__S                        
01007d75  ti_sysbios_knl_Task_Params__init__S                             
01007d81  ti_sysbios_knl_Task_self__E                                     
01007d91  ti_sysbios_rts_ti_ReentSupport_taskRegHook__I                   
01007da1  xdc_runtime_Startup_rtsDone__E                                  
01007dad  ClockP_Params_init                                              
01007db7  UART_control                                                    
01007dc1  UART_read                                                       
01007dcb  UART_write                                                      
01007dd5  xdc_runtime_Memory_HeapProxy_alloc__E                           
01007ddf  xdc_runtime_Memory_HeapProxy_free__E                            
01007de9  SemaphoreP_Params_init                                          
01007df1  copysign                                                        
01007df1  copysignl                                                       
01007df9  pthread_attr_setstacksize                                       
01007e09  ti_sysbios_family_arm_m3_Hwi_doSwiRestore__I                    
01007e11  ti_sysbios_family_arm_m3_Hwi_startup__E                         
01007e11  ti_sysbios_hal_Hwi_HwiProxy_startup__E                          
01007e11  ti_sysbios_hal_Hwi_startup__E                                   
01007e21  ti_sysbios_family_arm_m3_Hwi_doTaskRestore__I                   
01007e29  HwiP_restore                                                    
01007e29  ti_sysbios_family_arm_m3_Hwi_restoreFxn__E                      
01007e29  ti_sysbios_hal_Hwi_HwiProxy_restore__E                          
01007e31  ti_sysbios_gates_GateHwi_leave__E                               
01007e39  ti_sysbios_heaps_HeapMem_isBlocking__E                          
01007e41  ti_sysbios_knl_Clock_stop__E                                    
01007e49  ti_sysbios_knl_Queue_Instance_init__E                           
01007e51  ti_sysbios_knl_Swi_startup__E                                   
01007e59  xdc_runtime_System_Module_startup__E                            
01007e61  __aeabi_errno_addr                                              
01007e69  ti_sysbios_family_arm_m3_Timer_getMaxTicks__E                   
01007e71  ti_sysbios_gates_GateHwi_query__E                               
01007e71  xdc_runtime_Main_Module_GateProxy_query__E                      
01007e71  xdc_runtime_System_Module_GateProxy_query__E                    
01007e79  ti_sysbios_BIOS_RtsGateProxy_query__E                           
01007e79  ti_sysbios_gates_GateMutex_query__E                             
01007e79  ti_sysbios_heaps_HeapMem_Module_GateProxy_query__E              
01007e81  ti_sysbios_knl_Clock_setTimeout__E                              
01007e89  ti_sysbios_knl_Task_startup__E                                  
01007e91  ti_sysbios_BIOS_linkedWithIncorrectBootLibrary__E               
01007e99  ti_sysbios_gates_GateHwi_Instance_init__E                       
01007ea1  ti_sysbios_knl_Clock_logTick__E                                 
01007ea9  xdc_runtime_SysCallback_defaultAbort                            
01007eb1  xdc_runtime_SysCallback_defaultExit                             
01007eb9  xdc_runtime_System_abortSpin__E                                 
01007ec1  xdc_runtime_System_exitSpin__E                                  
01007ec4  _ctypes_                                                        
010081c8  uartCC3220SHWAttrs                                              
01008210  ti_sysbios_knl_Task_Object__PARAMS__C                           
01008254  PowerCC32XX_config                                              
01008294  ti_sysbios_family_arm_m3_Hwi_Object__PARAMS__C                  
010082c4  frame1                                                          
010082f2  ti_sysbios_family_arm_m3_Hwi_Module__id__C                      
010082f4  UARTCC32XX_fxnTable                                             
0100831c  ti_sysbios_heaps_HeapMem_Module__FXNS__C                        
01008344  UART_defaultParams                                              
01008368  ti_sysbios_gates_GateHwi_Module__FXNS__C                        
0100838c  ti_sysbios_gates_GateMutex_Module__FXNS__C                      
010083b0  ti_sysbios_heaps_HeapMem_Object__PARAMS__C                      
010083d4  ti_sysbios_knl_Clock_Object__PARAMS__C                          
010083f8  ti_sysbios_knl_Semaphore_Object__PARAMS__C                      
0100843c  ti_sysbios_family_arm_m3_Hwi_Object__DESC__C                    
0100845c  ti_sysbios_gates_GateHwi_Object__DESC__C                        
0100847c  ti_sysbios_gates_GateMutex_Object__DESC__C                      
0100849c  ti_sysbios_heaps_HeapMem_Object__DESC__C                        
010084bc  ti_sysbios_knl_Clock_Object__DESC__C                            
010084dc  ti_sysbios_knl_Queue_Object__DESC__C                            
010084fc  ti_sysbios_knl_Semaphore_Object__DESC__C                        
0100851c  ti_sysbios_knl_Task_Object__DESC__C                             
0100853c  xdc_runtime_Startup_sfxnTab__A                                  
0100855c  UART_config                                                     
01008574  ti_sysbios_gates_GateHwi_Object__PARAMS__C                      
0100858c  ti_sysbios_gates_GateMutex_Object__PARAMS__C                    
010085a4  ti_sysbios_knl_Queue_Object__PARAMS__C                          
010085bc  ti_sysbios_knl_Task_hooks__A                                    
010085ea  ti_sysbios_family_arm_m3_Timer_Module__id__C                    
01008622  ti_sysbios_heaps_HeapMem_Module__id__C                          
01008634  xdc_runtime_Startup_sfxnRts__A                                  
01008644  ADC_count                                                       
01008645  Capture_count                                                   
01008646  CryptoCC32XX_count                                              
01008647  Display_count                                                   
01008648  I2C_count                                                       
01008649  I2S_count                                                       
0100864a  PWM_count                                                       
0100864b  SDFatFS_count                                                   
0100864c  SD_count                                                        
0100864d  SPI_count                                                       
0100864e  Timer_count                                                     
0100864f  UART_count                                                      
01008650  Watchdog_count                                                  
01008651  ti_sysbios_knl_Clock_tickMode__C                                
01008652  xdc_runtime_Memory_Module__id__C                                
01008654  xdc_runtime_Startup_firstFxns__A                                
01008668  ti_sysbios_knl_Idle_funcList__A                                 
01008670  ti_sysbios_knl_Idle_funcList__C                                 
01008678  ti_sysbios_knl_Task_hooks__C                                    
01008680  xdc_runtime_Startup_firstFxns__C                                
01008688  xdc_runtime_Startup_lastFxns__C                                 
01008690  ti_sysbios_family_arm_m3_Hwi_E_alreadyDefined__C                
01008694  ti_sysbios_family_arm_m3_Hwi_NUM_INTERRUPTS__C                  
01008698  ti_sysbios_family_arm_m3_Hwi_Object__count__C                   
0100869c  ti_sysbios_family_arm_m3_Hwi_ccr__C                             
010086a0  ti_sysbios_family_arm_m3_Hwi_excHandlerFunc__C                  
010086a4  ti_sysbios_family_arm_m3_Hwi_nullIsrFunc__C                     
010086a8  ti_sysbios_family_arm_m3_Hwi_priGroup__C                        
010086ac  ti_sysbios_family_arm_m3_Hwi_swiDisable__C                      
010086b0  ti_sysbios_family_arm_m3_Hwi_swiRestoreHwi__C                   
010086b4  ti_sysbios_family_arm_m3_TaskSupport_stackAlignment__C          
010086b8  ti_sysbios_family_arm_m3_Timer_E_cannotSupport__C               
010086bc  ti_sysbios_family_arm_m3_Timer_startupNeeded__C                 
010086c0  ti_sysbios_gates_GateMutex_Instance_State_sem__O                
010086c4  ti_sysbios_heaps_HeapMem_E_memory__C                            
010086c8  ti_sysbios_heaps_HeapMem_Module__gateObj__C                     
010086cc  ti_sysbios_heaps_HeapMem_Object__count__C                       
010086d0  ti_sysbios_heaps_HeapMem_primaryHeapBaseAddr__C                 
010086d4  ti_sysbios_heaps_HeapMem_primaryHeapEndAddr__C                  
010086d8  ti_sysbios_heaps_HeapMem_reqAlign__C                            
010086dc  ti_sysbios_knl_Clock_Module_State_clockQ__O                     
010086e0  ti_sysbios_knl_Clock_tickPeriod__C                              
010086e4  ti_sysbios_knl_Mailbox_Instance_State_freeQue__O                
010086e8  ti_sysbios_knl_Mailbox_Object__count__C                         
010086ec  ti_sysbios_knl_Mailbox_maxTypeAlign__C                          
010086f0  ti_sysbios_knl_Semaphore_Instance_State_pendQ__O                
010086f4  ti_sysbios_knl_Swi_Object__count__C                             
010086f8  ti_sysbios_knl_Task_Module_State_inactiveQ__O                   
010086fc  ti_sysbios_knl_Task_Object__count__C                            
01008700  ti_sysbios_knl_Task_Object__heap__C                             
01008704  ti_sysbios_knl_Task_allBlockedFunc__C                           
01008708  ti_sysbios_knl_Task_defaultStackHeap__C                         
0100870c  ti_sysbios_knl_Task_defaultStackSize__C                         
01008710  ti_sysbios_knl_Task_numConstructedTasks__C                      
01008714  xdc_runtime_Error_E_memory__C                                   
01008718  xdc_runtime_Error_policyFxn__C                                  
0100871c  xdc_runtime_IGateProvider_Interface__BASE__C                    
01008720  xdc_runtime_IHeap_Interface__BASE__C                            
01008724  xdc_runtime_IModule_Interface__BASE__C                          
01008728  xdc_runtime_Memory_defaultHeapInstance__C                       
0100872c  xdc_runtime_Startup_execImpl__C                                 
01008730  xdc_runtime_Startup_maxPasses__C                                
01008734  xdc_runtime_Startup_sfxnRts__C                                  
01008738  xdc_runtime_Startup_sfxnTab__C                                  
0100873c  xdc_runtime_SysCallback_abortFxn__C                             
01008740  xdc_runtime_SysCallback_exitFxn__C                              
01008744  xdc_runtime_System_Module__gateObj__C                           
01008748  xdc_runtime_System_abortFxn__C                                  
0100874c  xdc_runtime_System_exitFxn__C                                   
01008750  xdc_runtime_System_maxAtexitHandlers__C                         
01008754  xdc_runtime_Text_charTab__C                                     
01008758  xdc_runtime_Text_nameEmpty__C                                   
0100875c  xdc_runtime_Text_nameStatic__C                                  
01008760  xdc_runtime_Text_nameUnknown__C                                 
01008764  xdc_runtime_Text_charCnt__C                                     
01008766  xdc_runtime_Text_isLoaded__C                                    
01008768  ti_sysbios_knl_Clock_tickSource__C                              
01008769  xdc_runtime_Error_policy__C                                     
0100876a  xdc_runtime_Text_charTab__A                                     
01008770  __TI_static_base__                                              
010089e4  __TI_Handler_Table_Base                                         
010089f0  __TI_Handler_Table_Limit                                        
010089f8  __TI_CINIT_Base                                                 
01008a08  __TI_CINIT_Limit                                                
20000000  ti_sysbios_family_arm_m3_Hwi_ramVectors                         
20000310  __primary_heap_start__                                          
20008310  __primary_heap_end__                                            
20008310  ti_sysbios_family_arm_m3_Hwi_dispatchTable                      
2000861c  ClockP_tickPeriod                                               
20008620  ti_sysbios_knl_Task_Instance_State_0_stack__A                   
20008820  PowerCC32XX_contextSave                                         
2000894c  __CIOBUF_                                                       
20008a6c  uartCC3220SObjects                                              
20008b74  __TI_tmpnams                                                    
20008c14  uartCC3220SRingBuffer                                           
20008c54  parmbuf                                                         
20008c5c  ti_sysbios_knl_Task_Instance_State_0_hookEnv__A                 
20008c60  PowerCC32XX_module                                              
20008dcc  parkInfo                                                        
20008ec4  _ftable                                                         
2000903c  ti_sysbios_knl_Swi_Module_State_0_readyQ__A                     
200090bc  ti_sysbios_knl_Task_Module_State_0_readyQ__A                    
2000913c  _device                                                         
200091b4  ti_sysbios_knl_Task_Object__table__V                            
20009210  ti_sysbios_gates_GateMutex_Object__table__V                     
20009264  _stream                                                         
200092b4  ti_sysbios_knl_Task_Module__state__V                            
200092fc  ti_sysbios_family_arm_m3_Hwi_Module__state__V                   
20009330  ti_sysbios_family_arm_m3_Timer_Object__table__V                 
20009360  ti_sysbios_knl_Swi_Object__table__V                             
20009390  ti_sysbios_knl_Clock_Module__state__V                           
200093bc  ti_sysbios_BIOS_Module__state__V                                
200093e0  xdc_runtime_Error_IgnoreBlock                                   
20009400  ti_sysbios_knl_Swi_Module__state__V                             
2000941c  ti_sysbios_family_arm_m3_Hwi_Object__table__V                   
20009434  ti_sysbios_heaps_HeapMem_Object__table__V                       
2000944c  __TI_ft_end                                                     
20009450  __aeabi_stdin                                                   
20009454  __aeabi_stdout                                                  
20009458  __aeabi_stderr                                                  
2000945c  __TI_cleanup_ptr                                                
20009460  __TI_dtors_ptr                                                  
20009464  __TI_enable_exit_profile_output                                 
20009468  ti_sysbios_family_arm_m3_Timer_Module__state__V                 
20009474  _lock                                                           
20009478  _unlock                                                         
2000947c  ti_sysbios_family_arm_m3_Hwi_Module__root__V                    
20009484  ti_sysbios_gates_GateHwi_Module__root__V                        
2000948c  ti_sysbios_gates_GateMutex_Module__root__V                      
20009494  ti_sysbios_heaps_HeapMem_Module__root__V                        
2000949c  ti_sysbios_knl_Clock_Module__root__V                            
200094a4  ti_sysbios_knl_Queue_Module__root__V                            
200094ac  ti_sysbios_knl_Semaphore_Module__root__V                        
200094b4  ti_sysbios_knl_Task_Module__root__V                             
200094bc  xdc_runtime_Startup_Module__state__V                            
200094c4  xdc_runtime_System_Module_State_0_atexitHandlers__A             
200094cc  xdc_runtime_System_Module__state__V                             
200094d4  main_func_sp                                                    
200094d8  ti_sysbios_family_arm_m3_Hwi_Module_State_0_excContext__A       
200094dc  ti_sysbios_family_arm_m3_Hwi_Module_State_0_excStack__A         
200094e0  ti_sysbios_gates_GateHwi_Object__table__V                       
200094e4  ti_sysbios_knl_Task_Module_State_0_idleTask__A                  
200094e8  ti_sysbios_rts_ti_ReentSupport_Module__state__V                 
200094ec  xdc_runtime_Memory_Module__state__V                             
200094f0  ti_sysbios_family_arm_m3_Hwi_Module_State_0_excActive__A        
2003fc00  __stack                                                         
20040000  __STACK_END                                                     
e000e000  ti_sysbios_family_arm_m3_Hwi_nvic                               
ffffffff  __TI_pprof_out_hndl                                             
ffffffff  __TI_prof_data_size                                             
ffffffff  __TI_prof_data_start                                            
ffffffff  __binit__                                                       
ffffffff  __c_args__                                                      
ffffffff  binit                                                           
UNDEFED   SHT$$INIT_ARRAY$$Base                                           
UNDEFED   SHT$$INIT_ARRAY$$Limit                                          

[607 symbols]
